/temps/3IF37.html : 2
/temps/suivant.gif : 1
/temps/precedent.gif : 1
/temps/choix.gif : 1
/temps/InsaIF.ico : 1
/temps/4IF20.html : 1
/temps/4IF19.html : 1
/temps/4IF18.html : 1
/temps/4IF17.html : 1
/temps/4IF16.html : 1
