Erreur : le fichier log ne provient pas du dossier tmp ou ordre invalide des arguments