/temps/choix.gif : 4
/temps/precedent.gif : 3
/temps/FondInsa.jpg : 2
/temps/3IF37.html : 2
/temps/suivant.gif : 1
/temps/style_emploi_du_temps.css : 1
/temps/InsaIF.ico : 1
/temps/4IF20.html : 1
/temps/4IF19.html : 1
/temps/4IF18.html : 1
