Avertissement : le fichier log fourni fait moins de 10 lignes
/temps/suivant.gif : 1
