/temps/suivant.gif : 1
/temps/style_emploi_du_temps.css : 1
/temps/precedent.gif : 1
/temps/choix.gif : 1
